${m = 1.0}
${mm = 0.001 * m}
${side = 1.0 * mm}
${length = 1.0 * m}
${intervals_coarse = 600}
${intervals_fine = 400}

${factor = 0.6}
${domain_length = length * factor}
${domain2_length = length - domain_length}
${offset = length / 2.0 - abs(domain_length) / 2.0}

create brick x {side} y {side} z {domain_length}
move volume 1 z {-offset} include_merged
surface 1 2 size {h_size_face}
surface 1 2 scheme submap
mesh surface 1 2
curve 9 10 11 12 interval {intervals_coarse}
mesh volume 1
block 1 volume 1
block 1 name "coarse"
nodeset 1 surface with x_coord < 0
nodeset 1 name "nsx-"
nodeset 2 surface with x_coord > 0
nodeset 2 name "nsx+"
nodeset 3 surface with y_coord < 0
nodeset 3 name "nsy-"
nodeset 4 surface with y_coord > 0
nodeset 4 name "nsy+"
#nodeset 5 surface with z_coord < 0
nodeset 5 surface 2
nodeset 5 name "nsz-"
#nodeset 6 surface with z_coord > 0
nodeset 6 surface 1
nodeset 6 name "nsz+"
nodeset 7 volume all
nodeset 7 name "nsall"
sideset 1 surface with x_coord < 0
sideset 1 name "ssx-"
sideset 2 surface with x_coord > 0
sideset 2 name "ssx+"
sideset 3 surface with y_coord < 0
sideset 3 name "ssy-"
sideset 4 surface with y_coord > 0
sideset 4 name "ssy+"
#sideset 5 surface with z_coord < 0
sideset 5 surface 2
sideset 5 name "ssz-"
#sideset 6 surface with z_coord > 0
sideset 6 surface 1
sideset 6 name "ssz+"
set large exodus file off
export mesh "clamped-1.g" overwrite

reset
create brick x {side} y {side} z {domain2_length}
move volume 1 z {domain_length / 2.0} include_merged
surface 1 2 scheme submap
mesh surface 1 2
curve 9 10 11 12 interval {intervals_fine}
mesh volume 1
block 1 volume 1
block 1 name "fine"
nodeset 1 surface with x_coord < 0
nodeset 1 name "nsx-"
nodeset 2 surface with x_coord > 0
nodeset 2 name "nsx+"
nodeset 3 surface with y_coord < 0
nodeset 3 name "nsy-"
nodeset 4 surface with y_coord > 0
nodeset 4 name "nsy+"
#nodeset 5 surface with z_coord < 0
nodeset 5 surface 2
nodeset 5 name "nsz-"
#nodeset 6 surface with z_coord > 0
nodeset 6 surface 1
nodeset 6 name "nsz+"
nodeset 7 volume all
nodeset 7 name "nsall"
sideset 1 surface with x_coord < 0
sideset 1 name "ssx-"
sideset 2 surface with x_coord > 0
sideset 2 name "ssx+"
sideset 3 surface with y_coord < 0
sideset 3 name "ssy-"
sideset 4 surface with y_coord > 0
sideset 4 name "ssy+"
#sideset 5 surface with z_coord < 0
sideset 5 surface 2
sideset 5 name "ssz-"
#sideset 6 surface with z_coord > 0
sideset 6 surface 1
sideset 6 name "ssz+"
set large exodus file off
export mesh "clamped-2.g" overwrite




